c27a8d329591b41cfebe17aff2c4e17f5c5ce439c42023da09ac3b88b1baf4bd,TVLog8c1bBaDgzkZsJk4VcZXrtEi2f5RPn
22d60aad1caa4fac24681dff3ce1a96b145f72d2f3988f646a71952cb9d7c419,TGoRLSG4iAkZMxjC1ka9LUFzrcZHCX5cge
